Microchip MPLAB XC8 Compiler V2.30

Linker command line:

-W-3 --edf=C:\Program Files\Microchip\xc8\v2.30\pic\dat\en_msgs.txt -cn \
  -h+dist/default/production\Microcervejaria.X.production.sym \
  --cmf=dist/default/production\Microcervejaria.X.production.cmf -z \
  -Q18F4520 -oC:\Users\mateu\AppData\Local\Temp\sdecx2 \
  --defsym=__MPLAB_BUILD=1 \
  -Mdist/default/production/Microcervejaria.X.production.map -E1 \
  -ver=XC8 Compiler --acfsm=1493 -ASTACK=080h-05FFh -pstack=STACK \
  -ACODE=00h-07FFFh -ACONST=00h-07FFFh -ASMALLCONST=0600h-06FFhx122 \
  -AMEDIUMCONST=0600h-07FFFh -ACOMRAM=01h-07Fh -AABS1=00h-05FFh \
  -ABIGRAM=01h-05FFh -ARAM=080h-0FFh,0100h-01FFhx5 -ABANK0=080h-0FFh \
  -ABANK1=0100h-01FFh -ABANK2=0200h-02FFh -ABANK3=0300h-03FFh \
  -ABANK4=0400h-04FFh -ABANK5=0500h-05FFh -ASFR=0F80h-0FFFh \
  -ACONFIG=0300000h-030000Dh -AIDLOC=0200000h-0200007h \
  -AEEDATA=0F00000h-0F000FFh -peeprom_data=EEDATA \
  -preset_vec=00h,intcode,intcodelo,powerup,init -pramtop=0600h \
  -psmallconst=SMALLCONST -pmediumconst=MEDIUMCONST -pconst=CONST \
  -AFARRAM=00h-00h \
  -prdata=COMRAM,nvrram=COMRAM,nvbit=COMRAM,rbss=COMRAM,rbit=COMRAM \
  -pfarbss=FARRAM,fardata=FARRAM,nvFARRAM=FARRAM \
  -pintsave_regs=BIGRAM,bigbss=BIGRAM,bigdata=BIGRAM -pbss=RAM \
  -pidata=CODE,irdata=CODE,ibigdata=CODE,ifardata=CODE -prparam=COMRAM \
  C:\Users\mateu\AppData\Local\Temp\sdecx8.o \
  dist/default/production\Microcervejaria.X.production.o 

Object code version is 3.11

Machine type is 18F4520



                Name                               Link     Load   Length Selector   Space Scale
C:\Users\mateu\AppData\Local\Temp\sdecx8.o
                idloc                            200000   200000        8        0       5
                config                           300000   300000        E        0       4
                init                                  0        0        4        0       0
dist/default/production\Microcervejaria.X.production.o
                idloc                            200000   200000        8        0       5
                config                           300000   300000        E        0       4
                smallconst                          600      600       14      300       0
                text25                             395E     395E       64      30A       0
                text24                             3B72     3B72        A      30A       0
                text23                             3B3C     3B3C       18      30A       0
                text22                             3B20     3B20       1C      30A       0
                text21                             2CB8     2CB8      24E      30A       0
                text20                             36B8     36B8       7E      30A       0
                text19                             3A70     3A70       54      30A       0
                text18                             37AE     37AE       74      30A       0
                text17                             3AFA     3AFA       26      30A       0
                text16                             388E     388E       6C      30A       0
                text15                             3132     3132      18A      30A       0
                text14                             38FA     38FA       64      30A       0
                text13                             32BC     32BC      17A      30A       0
                text12                             3B68     3B68        A      30A       0
                text11                             2A6A     2A6A      24E      30A       0
                text10                             3736     3736       78      30A       0
                text9                              3B54     3B54       14      30A       0
                text8                              3822     3822       6C      30A       0
                text7                              39C2     39C2       58      30A       0
                text6                              3A1A     3A1A       56      30A       0
                text5                              3436     3436      150      30A       0
                text4                              16AC     16AC     1030      30A       0
                text3                              2F06     2F06      22C      30A       0
                text2                               614      614     1098      30A       0
                text1                              3586     3586      132      30A       0
                text0                              26DC     26DC      38E      30A       0
                cstackCOMRAM                         1A       1A       17        1       1
                dataCOMRAM                           31       31        6        1       1
                bssCOMRAM                             1        1       19        1       1
                cinit                              3AC4     3AC4       36      30A       0
                idataCOMRAM                        3B7C     3B7C        6      30A       0

TOTAL           Name                               Link     Load   Length     Space
        CLASS   STACK          

        CLASS   CODE           
                init                                  0        0        4         0
                text25                             395E     395E       64         0
                text24                             3B72     3B72        A         0
                text23                             3B3C     3B3C       18         0
                text22                             3B20     3B20       1C         0
                text21                             2CB8     2CB8      24E         0
                text20                             36B8     36B8       7E         0
                text19                             3A70     3A70       54         0
                text18                             37AE     37AE       74         0
                text17                             3AFA     3AFA       26         0
                text16                             388E     388E       6C         0
                text15                             3132     3132      18A         0
                text14                             38FA     38FA       64         0
                text13                             32BC     32BC      17A         0
                text12                             3B68     3B68        A         0
                text11                             2A6A     2A6A      24E         0
                text10                             3736     3736       78         0
                text9                              3B54     3B54       14         0
                text8                              3822     3822       6C         0
                text7                              39C2     39C2       58         0
                text6                              3A1A     3A1A       56         0
                text5                              3436     3436      150         0
                text4                              16AC     16AC     1030         0
                text3                              2F06     2F06      22C         0
                text2                               614      614     1098         0
                text1                              3586     3586      132         0
                text0                              26DC     26DC      38E         0
                cinit                              3AC4     3AC4       36         0
                idataCOMRAM                        3B7C     3B7C        6         0

        CLASS   CONST          

        CLASS   SMALLCONST     
                smallconst                          600      600       14         0

        CLASS   MEDIUMCONST    

        CLASS   COMRAM         
                cstackCOMRAM                         1A       1A       17         1
                dataCOMRAM                           31       31        6         1
                bssCOMRAM                             1        1       19         1

        CLASS   ABS1           

        CLASS   BIGRAM         

        CLASS   RAM            

        CLASS   BANK0          

        CLASS   BANK1          

        CLASS   BANK2          

        CLASS   BANK3          

        CLASS   BANK4          

        CLASS   BANK5          

        CLASS   SFR            

        CLASS   CONFIG         
                config                           300000   300000        E         4

        CLASS   IDLOC          
                idloc                            200000   200000        8         5

        CLASS   EEDATA         

        CLASS   FARRAM         



SEGMENTS        Name                           Load    Length   Top    Selector   Space  Class

                reset_vec                      000000  000004  000004         0       0  CODE    
                bssCOMRAM                      000001  000036  000037         1       1  COMRAM  
                smallconst                     000600  000014  000614       300       0  SMALLCON
                text2                          000614  00356E  003B82       30A       0  CODE    


UNUSED ADDRESS RANGES

        Name                Unused          Largest block    Delta
        BANK0            000080-0000FF               80
        BANK1            000100-0001FF              100
        BANK2            000200-0002FF              100
        BANK3            000300-0003FF              100
        BANK4            000400-0004FF              100
        BANK5            000500-0005FF              100
        BIGRAM           000037-0005FF              5C9
        CODE             000004-0005FF              5FC
                         003B82-007FFF             447E
        COMRAM           000037-00007F               49
        CONST            000004-0005FF              5FC
                         003B82-007FFF             447E
        EEDATA           F00000-F000FF              100
        MEDIUMCONST      003B82-007FFF             447E
        RAM              000080-0005FF              100
        SFR              000F80-000FFF               80
        SMALLCONST       003B82-007FFF              100
        STACK            000080-0005FF              580

                                  Symbol Table

?___lwdiv                cstackCOMRAM 00001A
?___lwmod                cstackCOMRAM 000021
?___wmul                 cstackCOMRAM 00001A
?_kpRead                 cstackCOMRAM 00001A
Delay2ms@i               cstackCOMRAM 00001B
Delay40us@i              cstackCOMRAM 00001A
Tecl@t                   cstackCOMRAM 000026
Teclado@t                cstackCOMRAM 000026
_ADCON0                  (abs)        000FC2
_ADCON2                  (abs)        000FC0
_ADRESH                  (abs)        000FC4
_ADRESL                  (abs)        000FC3
_Delay2ms                text22       003B20
_Delay40us               text23       003B3C
_INTCON                  (abs)        000FF2
_PORTA                   (abs)        000F80
_PORTB                   (abs)        000F81
_PORTC                   (abs)        000F82
_PORTCbits               (abs)        000F82
_PORTD                   (abs)        000F83
_PORTE                   (abs)        000F84
_T0CON                   (abs)        000FD5
_TMR0H                   (abs)        000FD7
_TMR0L                   (abs)        000FD6
_TRISA                   (abs)        000F92
_TRISB                   (abs)        000F93
_TRISC                   (abs)        000F94
_TRISCbits               (abs)        000F94
_TRISD                   (abs)        000F95
_TRISE                   (abs)        000F96
_Tecl                    text15       003132
_Teclado                 text3        002F06
__HRAM                   (abs)        000000
__Habs1                  abs1         000000
__Hbank0                 bank0        000000
__Hbank1                 bank1        000000
__Hbank2                 bank2        000000
__Hbank3                 bank3        000000
__Hbank4                 bank4        000000
__Hbank5                 bank5        000000
__Hbigbss                bigbss       000000
__Hbigdata               bigdata      000000
__Hbigram                bigram       000000
__Hbss                   bss          000000
__HbssCOMRAM             bssCOMRAM    000000
__Hcinit                 cinit        000000
__Hclrtext               clrtext      000000
__Hcomram                comram       000000
__Hconfig                config       30000E
__Hconst                 const        000000
__HcstackCOMRAM          cstackCOMRAM 000000
__Hdata                  data         000000
__HdataCOMRAM            dataCOMRAM   000000
__Heeprom_data           eeprom_data  000000
__Hfarbss                farbss       000000
__Hfardata               fardata      000000
__Hibigdata              ibigdata     000000
__Hidata                 idata        000000
__HidataCOMRAM           idataCOMRAM  000000
__Hidloc                 idloc        200008
__Hifardata              ifardata     000000
__Hinit                  init         000004
__Hintcode               intcode      000000
__Hintcode_body          intcode_body 000000
__Hintcodelo             intcodelo    000000
__Hintentry              intentry     000000
__Hintret                intret       000000
__Hintsave_regs          intsave_regs 000000
__Hirdata                irdata       000000
__Hmediumconst           mediumconst  000000
__HnvFARRAM              nvFARRAM     000000
__Hnvbit                 nvbit        000000
__Hnvrram                nvrram       000000
__Hparam                 rparam       000000
__Hpowerup               powerup      000000
__Hram                   ram          000000
__Hramtop                ramtop       000600
__Hrbit                  rbit         000000
__Hrbss                  rbss         000000
__Hrdata                 rdata        000000
__Hreset_vec             reset_vec    000000
__Hrparam                rparam       000000
__Hsfr                   sfr          000000
__Hsmallconst            smallconst   000614
__Hspace_0               (abs)        003B82
__Hspace_1               (abs)        000037
__Hspace_2               (abs)        000000
__Hspace_4               (abs)        60000E
__Hstack                 stack        000000
__Hstruct                struct       000000
__Htemp                  temp         000000
__Htext                  text         000000
__Htext0                 text0        000000
__Htext1                 text1        000000
__Htext10                text10       000000
__Htext11                text11       000000
__Htext12                text12       000000
__Htext13                text13       000000
__Htext14                text14       000000
__Htext15                text15       000000
__Htext16                text16       000000
__Htext17                text17       000000
__Htext18                text18       000000
__Htext19                text19       000000
__Htext2                 text2        000000
__Htext20                text20       000000
__Htext21                text21       000000
__Htext22                text22       000000
__Htext23                text23       000000
__Htext24                text24       000000
__Htext25                text25       000000
__Htext3                 text3        000000
__Htext4                 text4        000000
__Htext5                 text5        000000
__Htext6                 text6        000000
__Htext7                 text7        000000
__Htext8                 text8        000000
__Htext9                 text9        000000
__LRAM                   (abs)        000001
__Labs1                  abs1         000000
__Lbank0                 bank0        000000
__Lbank1                 bank1        000000
__Lbank2                 bank2        000000
__Lbank3                 bank3        000000
__Lbank4                 bank4        000000
__Lbank5                 bank5        000000
__Lbigbss                bigbss       000000
__Lbigdata               bigdata      000000
__Lbigram                bigram       000000
__Lbss                   bss          000000
__LbssCOMRAM             bssCOMRAM    000000
__Lcinit                 cinit        000000
__Lclrtext               clrtext      000000
__Lcomram                comram       000000
__Lconfig                config       000000
__Lconst                 const        000000
__LcstackCOMRAM          cstackCOMRAM 000000
__Ldata                  data         000000
__LdataCOMRAM            dataCOMRAM   000000
__Leeprom_data           eeprom_data  000000
__Lfarbss                farbss       000000
__Lfardata               fardata      000000
__Libigdata              ibigdata     000000
__Lidata                 idata        000000
__LidataCOMRAM           idataCOMRAM  000000
__Lidloc                 idloc        000000
__Lifardata              ifardata     000000
__Linit                  init         000000
__Lintcode               intcode      000000
__Lintcode_body          intcode_body 000000
__Lintcodelo             intcodelo    000000
__Lintentry              intentry     000000
__Lintret                intret       000000
__Lintsave_regs          intsave_regs 000000
__Lirdata                irdata       000000
__Lmediumconst           mediumconst  000000
__LnvFARRAM              nvFARRAM     000000
__Lnvbit                 nvbit        000000
__Lnvrram                nvrram       000000
__Lparam                 rparam       000000
__Lpowerup               powerup      000000
__Lram                   ram          000000
__Lramtop                ramtop       000600
__Lrbit                  rbit         000000
__Lrbss                  rbss         000000
__Lrdata                 rdata        000000
__Lreset_vec             reset_vec    000000
__Lrparam                rparam       000000
__Lsfr                   sfr          000000
__Lsmallconst            smallconst   000600
__Lspace_0               (abs)        000000
__Lspace_1               (abs)        000000
__Lspace_2               (abs)        000000
__Lspace_4               (abs)        000000
__Lstack                 stack        000000
__Lstruct                struct       000000
__Ltemp                  temp         000000
__Ltext                  text         000000
__Ltext0                 text0        000000
__Ltext1                 text1        000000
__Ltext10                text10       000000
__Ltext11                text11       000000
__Ltext12                text12       000000
__Ltext13                text13       000000
__Ltext14                text14       000000
__Ltext15                text15       000000
__Ltext16                text16       000000
__Ltext17                text17       000000
__Ltext18                text18       000000
__Ltext19                text19       000000
__Ltext2                 text2        000000
__Ltext20                text20       000000
__Ltext21                text21       000000
__Ltext22                text22       000000
__Ltext23                text23       000000
__Ltext24                text24       000000
__Ltext25                text25       000000
__Ltext3                 text3        000000
__Ltext4                 text4        000000
__Ltext5                 text5        000000
__Ltext6                 text6        000000
__Ltext7                 text7        000000
__Ltext8                 text8        000000
__Ltext9                 text9        000000
__S0                     (abs)        003B82
__S1                     (abs)        000037
__S2                     (abs)        000000
__S4                     (abs)        000000
__S5                     (abs)        000000
___inthi_sp              stack        000000
___intlo_sp              stack        000000
___lwdiv                 text18       0037AE
___lwdiv@counter         cstackCOMRAM 000020
___lwdiv@dividend        cstackCOMRAM 00001A
___lwdiv@divisor         cstackCOMRAM 00001C
___lwdiv@quotient        cstackCOMRAM 00001E
___lwmod                 text14       0038FA
___lwmod@counter         cstackCOMRAM 000025
___lwmod@dividend        cstackCOMRAM 000021
___lwmod@divisor         cstackCOMRAM 000023
___param_bank            (abs)        000000
___rparam_used           (abs)        000001
___sp                    stack        000000
___wmul                  text17       003AFA
___wmul@multiplicand     cstackCOMRAM 00001C
___wmul@multiplier       cstackCOMRAM 00001A
___wmul@product          cstackCOMRAM 00001E
__accesstop              (abs)        000080
__activetblptr           (abs)        000002
__end_of_Delay2ms        text22       003B3C
__end_of_Delay40us       text23       003B54
__end_of_Tecl            text15       0032BC
__end_of_Teclado         text3        003132
__end_of___lwdiv         text18       003822
__end_of___lwmod         text14       00395E
__end_of___wmul          text17       003B20
__end_of__initialization cinit        003AF0
__end_of_amber_lager     text4        0026DC
__end_of_atraso_ms       text25       0039C2
__end_of_digitalWrite    text21       002F06
__end_of_escolha         text1        0036B8
__end_of_k_weissbier     text2        0016AC
__end_of_kpDebounce      text13       003436
__end_of_kpInit          text12       003B72
__end_of_kpRead          text24       003B7C
__end_of_lcdCommand      text20       003736
__end_of_lcdData         text19       003AC4
__end_of_lcdInit         text10       0037AE
__end_of_main            text0        002A6A
__end_of_pinMode         text11       002CB8
__end_of_pwmInit         text9        003B68
__end_of_pwmSet1         text16       0038FA
__end_of_pwmSet2         text8        00388E
__end_of_ssdDigit        text7        003A1A
__end_of_ssdInit         text6        003A70
__end_of_ssdUpdate       text5        003586
__end_of_valor@ssd$F432  smallconst   000613
__initialization         cinit        003AC4
__mediumconst            mediumconst  000000
__pbssCOMRAM             bssCOMRAM    000001
__pcinit                 cinit        003AC4
__pcstackCOMRAM          cstackCOMRAM 00001A
__pdataCOMRAM            dataCOMRAM   000031
__pidataCOMRAM           idataCOMRAM  003B7C
__psmallconst            smallconst   000600
__ptext0                 text0        0026DC
__ptext1                 text1        003586
__ptext10                text10       003736
__ptext11                text11       002A6A
__ptext12                text12       003B68
__ptext13                text13       0032BC
__ptext14                text14       0038FA
__ptext15                text15       003132
__ptext16                text16       00388E
__ptext17                text17       003AFA
__ptext18                text18       0037AE
__ptext19                text19       003A70
__ptext2                 text2        000614
__ptext20                text20       0036B8
__ptext21                text21       002CB8
__ptext22                text22       003B20
__ptext23                text23       003B3C
__ptext24                text24       003B72
__ptext25                text25       00395E
__ptext3                 text3        002F06
__ptext4                 text4        0016AC
__ptext5                 text5        003436
__ptext6                 text6        003A1A
__ptext7                 text7        0039C2
__ptext8                 text8        003822
__ptext9                 text9        003B54
__ramtop                 ramtop       000600
__size_of_Delay2ms       (abs)        000000
__size_of_Delay40us      (abs)        000000
__size_of_Tecl           (abs)        000000
__size_of_Teclado        (abs)        000000
__size_of___lwdiv        (abs)        000000
__size_of___lwmod        (abs)        000000
__size_of___wmul         (abs)        000000
__size_of_amber_lager    (abs)        000000
__size_of_atraso_ms      (abs)        000000
__size_of_digitalWrite   (abs)        000000
__size_of_escolha        (abs)        000000
__size_of_k_weissbier    (abs)        000000
__size_of_kpDebounce     (abs)        000000
__size_of_kpInit         (abs)        000000
__size_of_kpRead         (abs)        000000
__size_of_lcdCommand     (abs)        000000
__size_of_lcdData        (abs)        000000
__size_of_lcdInit        (abs)        000000
__size_of_main           (abs)        000000
__size_of_pinMode        (abs)        000000
__size_of_pwmInit        (abs)        000000
__size_of_pwmSet1        (abs)        000000
__size_of_pwmSet2        (abs)        000000
__size_of_ssdDigit       (abs)        000000
__size_of_ssdInit        (abs)        000000
__size_of_ssdUpdate      (abs)        000000
__smallconst             smallconst   000600
_amber_lager             text4        0016AC
_atraso_ms               text25       00395E
_cnt                     bssCOMRAM    00000F
_cont                    bssCOMRAM    000005
_digitalWrite            text21       002CB8
_display                 bssCOMRAM    000017
_escolha                 text1        003586
_i                       dataCOMRAM   000033
_k_weissbier             text2        000614
_kpDebounce              text13       0032BC
_kpInit                  text12       003B68
_kpRead                  text24       003B72
_lcdCommand              text20       0036B8
_lcdData                 text19       003A70
_lcdInit                 text10       003736
_limite                  bssCOMRAM    000011
_main                    text0        0026DC
_pinMode                 text11       002A6A
_pwmInit                 text9        003B54
_pwmSet1                 text16       00388E
_pwmSet2                 text8        003822
_slot                    bssCOMRAM    000019
_ssdDigit                text7        0039C2
_ssdInit                 text6        003A1A
_ssdUpdate               text5        003436
_temp                    bssCOMRAM    000007
_time                    bssCOMRAM    000003
_tmp                     bssCOMRAM    000001
_v0                      bssCOMRAM    000016
_v1                      bssCOMRAM    000015
_v2                      bssCOMRAM    000014
_v3                      bssCOMRAM    000013
_valor                   dataCOMRAM   000035
_valor@keypad$F307       bssCOMRAM    00000D
_valor@ssd$F432          smallconst   000601
_vlr                     dataCOMRAM   000031
amber_lager@slot         cstackCOMRAM 00002A
atraso_ms@i              cstackCOMRAM 00001C
atraso_ms@j              cstackCOMRAM 00001E
atraso_ms@k              cstackCOMRAM 00001F
atraso_ms@valor          cstackCOMRAM 00001A
digitalWrite@pin         cstackCOMRAM 00001A
digitalWrite@value       cstackCOMRAM 00001C
end_of_initialization    cinit        003AF0
escolha@t                cstackCOMRAM 00002D
intlevel0                text         000000
intlevel1                text         000000
intlevel2                text         000000
intlevel3                text         000000
k_weissbier@slot         cstackCOMRAM 00002A
kpDebounce@i             cstackCOMRAM 000023
kpDebounce@j             cstackCOMRAM 000022
kpDebounce@k             cstackCOMRAM 000020
kpDebounce@old_D         cstackCOMRAM 00001F
kpDebounce@tempo         bssCOMRAM    000018
kpDebounce@valorAntigo   bssCOMRAM    000009
kpDebounce@valorNovo     bssCOMRAM    00000B
lcdCommand@cmd           cstackCOMRAM 000021
lcdCommand@old_D         cstackCOMRAM 000020
lcdData@old_D            cstackCOMRAM 000021
lcdData@valor            cstackCOMRAM 000020
pinMode@pin              cstackCOMRAM 00001A
pinMode@type             cstackCOMRAM 00001C
pwmSet1@porcento         cstackCOMRAM 000023
pwmSet1@val              cstackCOMRAM 000024
pwmSet2@porcento         cstackCOMRAM 000023
pwmSet2@val              cstackCOMRAM 000024
ssdDigit@pos             cstackCOMRAM 000026
ssdDigit@val             cstackCOMRAM 000027
stackhi                  (abs)        0005FF
stacklo                  (abs)        000080
start                    init         000000
start_initialization     cinit        003AC4


FUNCTION INFORMATION:

 *************** function _main *****************
 Defined at:
		line 17 in file "main.c"
 Parameters:    Size  Location     Type
		None
 Auto vars:     Size  Location     Type
		None
 Return value:  Size  Location     Type
                  1    wreg      void 
 Registers used:
		wreg, status,2, status,0, tblptrl, tblptrh, tblptru, prodl, prodh, cstack
 Tracked objects:
		On entry : 
		On exit  : 
		Unchanged: 
 Data sizes:     COMRAM   BANK0   BANK1   BANK2   BANK3   BANK4   BANK5
      Params:         0       0       0       0       0       0       0
      Locals:         0       0       0       0       0       0       0
      Temps:          2       0       0       0       0       0       0
      Totals:         2       0       0       0       0       0       0
Total ram usage:        2 bytes
 Hardware stack levels required when called:    6
 This function calls:
		_atraso_ms
		_escolha
		_kpDebounce
		_kpInit
		_lcdCommand
		_lcdData
		_lcdInit
 This function is called by:
		Startup code after reset
 This function uses a non-reentrant model


 *************** function _escolha *****************
 Defined at:
		line 198 in file "main.c"
 Parameters:    Size  Location     Type
		None
 Auto vars:     Size  Location     Type
  t               2   19[COMRAM] int 
 Return value:  Size  Location     Type
                  1    wreg      void 
 Registers used:
		wreg, status,2, status,0, tblptrl, tblptrh, tblptru, prodl, prodh, cstack
 Tracked objects:
		On entry : 
		On exit  : 
		Unchanged: 
 Data sizes:     COMRAM   BANK0   BANK1   BANK2   BANK3   BANK4   BANK5
      Params:         0       0       0       0       0       0       0
      Locals:         2       0       0       0       0       0       0
      Temps:          2       0       0       0       0       0       0
      Totals:         4       0       0       0       0       0       0
Total ram usage:        4 bytes
 Hardware stack levels used:    1
 Hardware stack levels required when called:    5
 This function calls:
		_amber_lager
		_k_weissbier
		_kpRead
 This function is called by:
		_main
 This function uses a non-reentrant model


 *************** function _k_weissbier *****************
 Defined at:
		line 27 in file "K_WEISSBIER.c"
 Parameters:    Size  Location     Type
		None
 Auto vars:     Size  Location     Type
  slot            1   16[COMRAM] unsigned char 
 Return value:  Size  Location     Type
                  1    wreg      void 
 Registers used:
		wreg, status,2, status,0, tblptrl, tblptrh, tblptru, prodl, prodh, cstack
 Tracked objects:
		On entry : 
		On exit  : 
		Unchanged: 
 Data sizes:     COMRAM   BANK0   BANK1   BANK2   BANK3   BANK4   BANK5
      Params:         0       0       0       0       0       0       0
      Locals:         1       0       0       0       0       0       0
      Temps:          2       0       0       0       0       0       0
      Totals:         3       0       0       0       0       0       0
Total ram usage:        3 bytes
 Hardware stack levels used:    1
 Hardware stack levels required when called:    4
 This function calls:
		_Teclado
		___lwdiv
		___lwmod
		_atraso_ms
		_kpDebounce
		_kpInit
		_lcdCommand
		_lcdData
		_lcdInit
		_pwmInit
		_pwmSet1
		_pwmSet2
		_ssdDigit
		_ssdInit
		_ssdUpdate
 This function is called by:
		_escolha
 This function uses a non-reentrant model


 *************** function _Teclado *****************
 Defined at:
		line 731 in file "K_WEISSBIER.c"
 Parameters:    Size  Location     Type
		None
 Auto vars:     Size  Location     Type
  t               2   12[COMRAM] int 
 Return value:  Size  Location     Type
                  1    wreg      void 
 Registers used:
		wreg, status,2, status,0, prodl, prodh, cstack
 Tracked objects:
		On entry : 
		On exit  : 
		Unchanged: 
 Data sizes:     COMRAM   BANK0   BANK1   BANK2   BANK3   BANK4   BANK5
      Params:         0       0       0       0       0       0       0
      Locals:         2       0       0       0       0       0       0
      Temps:          0       0       0       0       0       0       0
      Totals:         2       0       0       0       0       0       0
Total ram usage:        2 bytes
 Hardware stack levels used:    1
 Hardware stack levels required when called:    3
 This function calls:
		_atraso_ms
		_kpRead
		_lcdCommand
		_lcdData
		_pwmSet1
 This function is called by:
		_k_weissbier
 This function uses a non-reentrant model


 *************** function _amber_lager *****************
 Defined at:
		line 24 in file "AMBER_LAGER.c"
 Parameters:    Size  Location     Type
		None
 Auto vars:     Size  Location     Type
  slot            1   16[COMRAM] unsigned char 
 Return value:  Size  Location     Type
                  1    wreg      void 
 Registers used:
		wreg, status,2, status,0, tblptrl, tblptrh, tblptru, prodl, prodh, cstack
 Tracked objects:
		On entry : 
		On exit  : 
		Unchanged: 
 Data sizes:     COMRAM   BANK0   BANK1   BANK2   BANK3   BANK4   BANK5
      Params:         0       0       0       0       0       0       0
      Locals:         1       0       0       0       0       0       0
      Temps:          2       0       0       0       0       0       0
      Totals:         3       0       0       0       0       0       0
Total ram usage:        3 bytes
 Hardware stack levels used:    1
 Hardware stack levels required when called:    4
 This function calls:
		_Tecl
		___lwdiv
		___lwmod
		_atraso_ms
		_kpDebounce
		_kpInit
		_lcdCommand
		_lcdData
		_lcdInit
		_pwmInit
		_pwmSet1
		_pwmSet2
		_ssdDigit
		_ssdInit
		_ssdUpdate
 This function is called by:
		_escolha
 This function uses a non-reentrant model


 *************** function _ssdUpdate *****************
 Defined at:
		line 54 in file "ssd.c"
 Parameters:    Size  Location     Type
		None
 Auto vars:     Size  Location     Type
		None
 Return value:  Size  Location     Type
                  1    wreg      void 
 Registers used:
		wreg, status,2, status,0, tblptrl, tblptrh, tblptru, cstack
 Tracked objects:
		On entry : 
		On exit  : 
		Unchanged: 
 Data sizes:     COMRAM   BANK0   BANK1   BANK2   BANK3   BANK4   BANK5
      Params:         0       0       0       0       0       0       0
      Locals:         0       0       0       0       0       0       0
      Temps:          2       0       0       0       0       0       0
      Totals:         2       0       0       0       0       0       0
Total ram usage:        2 bytes
 Hardware stack levels used:    1
 Hardware stack levels required when called:    1
 This function calls:
		_digitalWrite
 This function is called by:
		_k_weissbier
		_amber_lager
 This function uses a non-reentrant model


 *************** function _ssdInit *****************
 Defined at:
		line 101 in file "ssd.c"
 Parameters:    Size  Location     Type
		None
 Auto vars:     Size  Location     Type
		None
 Return value:  Size  Location     Type
                  1    wreg      void 
 Registers used:
		wreg, status,2, status,0, cstack
 Tracked objects:
		On entry : 
		On exit  : 
		Unchanged: 
 Data sizes:     COMRAM   BANK0   BANK1   BANK2   BANK3   BANK4   BANK5
      Params:         0       0       0       0       0       0       0
      Locals:         0       0       0       0       0       0       0
      Temps:          0       0       0       0       0       0       0
      Totals:         0       0       0       0       0       0       0
Total ram usage:        0 bytes
 Hardware stack levels used:    1
 Hardware stack levels required when called:    1
 This function calls:
		_pinMode
 This function is called by:
		_k_weissbier
		_amber_lager
 This function uses a non-reentrant model


 *************** function _ssdDigit *****************
 Defined at:
		line 38 in file "ssd.c"
 Parameters:    Size  Location     Type
  val             1    wreg     unsigned char 
  pos             1   12[COMRAM] unsigned char 
 Auto vars:     Size  Location     Type
  val             1   13[COMRAM] unsigned char 
 Return value:  Size  Location     Type
                  1    wreg      void 
 Registers used:
		wreg, status,2, status,0
 Tracked objects:
		On entry : 
		On exit  : 
		Unchanged: 
 Data sizes:     COMRAM   BANK0   BANK1   BANK2   BANK3   BANK4   BANK5
      Params:         1       0       0       0       0       0       0
      Locals:         1       0       0       0       0       0       0
      Temps:          0       0       0       0       0       0       0
      Totals:         2       0       0       0       0       0       0
Total ram usage:        2 bytes
 Hardware stack levels used:    1
 This function calls:
		Nothing
 This function is called by:
		_k_weissbier
		_amber_lager
 This function uses a non-reentrant model


 *************** function _pwmSet2 *****************
 Defined at:
		line 40 in file "pwm.c"
 Parameters:    Size  Location     Type
  porcento        1    wreg     unsigned char 
 Auto vars:     Size  Location     Type
  porcento        1    9[COMRAM] unsigned char 
  val             2   10[COMRAM] unsigned int 
 Return value:  Size  Location     Type
                  1    wreg      void 
 Registers used:
		wreg, status,2, status,0, prodl, prodh, cstack
 Tracked objects:
		On entry : 
		On exit  : 
		Unchanged: 
 Data sizes:     COMRAM   BANK0   BANK1   BANK2   BANK3   BANK4   BANK5
      Params:         0       0       0       0       0       0       0
      Locals:         3       0       0       0       0       0       0
      Temps:          2       0       0       0       0       0       0
      Totals:         5       0       0       0       0       0       0
Total ram usage:        5 bytes
 Hardware stack levels used:    1
 Hardware stack levels required when called:    1
 This function calls:
		___lwdiv
		___wmul
 This function is called by:
		_k_weissbier
		_amber_lager
 This function uses a non-reentrant model


 *************** function _pwmInit *****************
 Defined at:
		line 59 in file "pwm.c"
 Parameters:    Size  Location     Type
		None
 Auto vars:     Size  Location     Type
		None
 Return value:  Size  Location     Type
                  1    wreg      void 
 Registers used:
		wreg, status,2, status,0
 Tracked objects:
		On entry : 
		On exit  : 
		Unchanged: 
 Data sizes:     COMRAM   BANK0   BANK1   BANK2   BANK3   BANK4   BANK5
      Params:         0       0       0       0       0       0       0
      Locals:         0       0       0       0       0       0       0
      Temps:          0       0       0       0       0       0       0
      Totals:         0       0       0       0       0       0       0
Total ram usage:        0 bytes
 Hardware stack levels used:    1
 This function calls:
		Nothing
 This function is called by:
		_k_weissbier
		_amber_lager
 This function uses a non-reentrant model


 *************** function _lcdInit *****************
 Defined at:
		line 95 in file "lcd.c"
 Parameters:    Size  Location     Type
		None
 Auto vars:     Size  Location     Type
		None
 Return value:  Size  Location     Type
                  1    wreg      void 
 Registers used:
		wreg, status,2, status,0, cstack
 Tracked objects:
		On entry : 
		On exit  : 
		Unchanged: 
 Data sizes:     COMRAM   BANK0   BANK1   BANK2   BANK3   BANK4   BANK5
      Params:         0       0       0       0       0       0       0
      Locals:         0       0       0       0       0       0       0
      Temps:          0       0       0       0       0       0       0
      Totals:         0       0       0       0       0       0       0
Total ram usage:        0 bytes
 Hardware stack levels used:    1
 Hardware stack levels required when called:    3
 This function calls:
		_Delay2ms
		_lcdCommand
		_pinMode
 This function is called by:
		_main
		_k_weissbier
		_amber_lager
 This function uses a non-reentrant model


 *************** function _pinMode *****************
 Defined at:
		line 54 in file "io.c"
 Parameters:    Size  Location     Type
  pin             2    0[COMRAM] int 
  type            2    2[COMRAM] int 
 Auto vars:     Size  Location     Type
		None
 Return value:  Size  Location     Type
                  1    wreg      void 
 Registers used:
		wreg, status,2, status,0
 Tracked objects:
		On entry : 
		On exit  : 
		Unchanged: 
 Data sizes:     COMRAM   BANK0   BANK1   BANK2   BANK3   BANK4   BANK5
      Params:         4       0       0       0       0       0       0
      Locals:         0       0       0       0       0       0       0
      Temps:          2       0       0       0       0       0       0
      Totals:         6       0       0       0       0       0       0
Total ram usage:        6 bytes
 Hardware stack levels used:    1
 This function calls:
		Nothing
 This function is called by:
		_lcdInit
		_ssdInit
		_adcInit
 This function uses a non-reentrant model


 *************** function _kpInit *****************
 Defined at:
		line 88 in file "keypad.c"
 Parameters:    Size  Location     Type
		None
 Auto vars:     Size  Location     Type
		None
 Return value:  Size  Location     Type
                  1    wreg      void 
 Registers used:
		wreg, status,2, status,0
 Tracked objects:
		On entry : 
		On exit  : 
		Unchanged: 
 Data sizes:     COMRAM   BANK0   BANK1   BANK2   BANK3   BANK4   BANK5
      Params:         0       0       0       0       0       0       0
      Locals:         0       0       0       0       0       0       0
      Temps:          0       0       0       0       0       0       0
      Totals:         0       0       0       0       0       0       0
Total ram usage:        0 bytes
 Hardware stack levels used:    1
 This function calls:
		Nothing
 This function is called by:
		_main
		_k_weissbier
		_amber_lager
 This function uses a non-reentrant model


 *************** function _kpDebounce *****************
 Defined at:
		line 40 in file "keypad.c"
 Parameters:    Size  Location     Type
		None
 Auto vars:     Size  Location     Type
  k               2    6[COMRAM] int 
  i               1    9[COMRAM] unsigned char 
  j               1    8[COMRAM] unsigned char 
  old_D           1    5[COMRAM] unsigned char 
 Return value:  Size  Location     Type
                  1    wreg      void 
 Registers used:
		wreg, status,2, status,0, prodl, prodh
 Tracked objects:
		On entry : 
		On exit  : 
		Unchanged: 
 Data sizes:     COMRAM   BANK0   BANK1   BANK2   BANK3   BANK4   BANK5
      Params:         0       0       0       0       0       0       0
      Locals:         5       0       0       0       0       0       0
      Temps:          5       0       0       0       0       0       0
      Totals:        10       0       0       0       0       0       0
Total ram usage:       10 bytes
 Hardware stack levels used:    1
 This function calls:
		Nothing
 This function is called by:
		_main
		_k_weissbier
		_amber_lager
 This function uses a non-reentrant model


 *************** function ___lwmod *****************
 Defined at:
		line 7 in file "C:\Program Files\Microchip\xc8\v2.30\pic\sources\c99\common\lwmod.c"
 Parameters:    Size  Location     Type
  dividend        2    7[COMRAM] unsigned int 
  divisor         2    9[COMRAM] unsigned int 
 Auto vars:     Size  Location     Type
  counter         1   11[COMRAM] unsigned char 
 Return value:  Size  Location     Type
                  2    7[COMRAM] unsigned int 
 Registers used:
		wreg, status,2, status,0
 Tracked objects:
		On entry : 
		On exit  : 
		Unchanged: 
 Data sizes:     COMRAM   BANK0   BANK1   BANK2   BANK3   BANK4   BANK5
      Params:         4       0       0       0       0       0       0
      Locals:         1       0       0       0       0       0       0
      Temps:          0       0       0       0       0       0       0
      Totals:         5       0       0       0       0       0       0
Total ram usage:        5 bytes
 Hardware stack levels used:    1
 This function calls:
		Nothing
 This function is called by:
		_k_weissbier
		_amber_lager
 This function uses a non-reentrant model


 *************** function _Tecl *****************
 Defined at:
		line 730 in file "AMBER_LAGER.c"
 Parameters:    Size  Location     Type
		None
 Auto vars:     Size  Location     Type
  t               2   12[COMRAM] int 
 Return value:  Size  Location     Type
                  1    wreg      void 
 Registers used:
		wreg, status,2, status,0, prodl, prodh, cstack
 Tracked objects:
		On entry : 
		On exit  : 
		Unchanged: 
 Data sizes:     COMRAM   BANK0   BANK1   BANK2   BANK3   BANK4   BANK5
      Params:         0       0       0       0       0       0       0
      Locals:         2       0       0       0       0       0       0
      Temps:          0       0       0       0       0       0       0
      Totals:         2       0       0       0       0       0       0
Total ram usage:        2 bytes
 Hardware stack levels used:    1
 Hardware stack levels required when called:    3
 This function calls:
		_atraso_ms
		_kpRead
		_lcdCommand
		_lcdData
		_pwmSet1
 This function is called by:
		_amber_lager
 This function uses a non-reentrant model


 *************** function _pwmSet1 *****************
 Defined at:
		line 23 in file "pwm.c"
 Parameters:    Size  Location     Type
  porcento        1    wreg     unsigned char 
 Auto vars:     Size  Location     Type
  porcento        1    9[COMRAM] unsigned char 
  val             2   10[COMRAM] unsigned int 
 Return value:  Size  Location     Type
                  1    wreg      void 
 Registers used:
		wreg, status,2, status,0, prodl, prodh, cstack
 Tracked objects:
		On entry : 
		On exit  : 
		Unchanged: 
 Data sizes:     COMRAM   BANK0   BANK1   BANK2   BANK3   BANK4   BANK5
      Params:         0       0       0       0       0       0       0
      Locals:         3       0       0       0       0       0       0
      Temps:          2       0       0       0       0       0       0
      Totals:         5       0       0       0       0       0       0
Total ram usage:        5 bytes
 Hardware stack levels used:    1
 Hardware stack levels required when called:    1
 This function calls:
		___lwdiv
		___wmul
 This function is called by:
		_k_weissbier
		_Teclado
		_amber_lager
		_Tecl
 This function uses a non-reentrant model


 *************** function ___wmul *****************
 Defined at:
		line 15 in file "C:\Program Files\Microchip\xc8\v2.30\pic\sources\c99\common\Umul16.c"
 Parameters:    Size  Location     Type
  multiplier      2    0[COMRAM] unsigned int 
  multiplicand    2    2[COMRAM] unsigned int 
 Auto vars:     Size  Location     Type
  product         2    4[COMRAM] unsigned int 
 Return value:  Size  Location     Type
                  2    0[COMRAM] unsigned int 
 Registers used:
		wreg, status,2, status,0, prodl, prodh
 Tracked objects:
		On entry : 
		On exit  : 
		Unchanged: 
 Data sizes:     COMRAM   BANK0   BANK1   BANK2   BANK3   BANK4   BANK5
      Params:         4       0       0       0       0       0       0
      Locals:         2       0       0       0       0       0       0
      Temps:          0       0       0       0       0       0       0
      Totals:         6       0       0       0       0       0       0
Total ram usage:        6 bytes
 Hardware stack levels used:    1
 This function calls:
		Nothing
 This function is called by:
		_pwmSet1
		_pwmSet2
 This function uses a non-reentrant model


 *************** function ___lwdiv *****************
 Defined at:
		line 7 in file "C:\Program Files\Microchip\xc8\v2.30\pic\sources\c99\common\lwdiv.c"
 Parameters:    Size  Location     Type
  dividend        2    0[COMRAM] unsigned int 
  divisor         2    2[COMRAM] unsigned int 
 Auto vars:     Size  Location     Type
  quotient        2    4[COMRAM] unsigned int 
  counter         1    6[COMRAM] unsigned char 
 Return value:  Size  Location     Type
                  2    0[COMRAM] unsigned int 
 Registers used:
		wreg, status,2, status,0
 Tracked objects:
		On entry : 
		On exit  : 
		Unchanged: 
 Data sizes:     COMRAM   BANK0   BANK1   BANK2   BANK3   BANK4   BANK5
      Params:         4       0       0       0       0       0       0
      Locals:         3       0       0       0       0       0       0
      Temps:          0       0       0       0       0       0       0
      Totals:         7       0       0       0       0       0       0
Total ram usage:        7 bytes
 Hardware stack levels used:    1
 This function calls:
		Nothing
 This function is called by:
		_pwmSet1
		_pwmSet2
		_k_weissbier
		_amber_lager
 This function uses a non-reentrant model


 *************** function _lcdData *****************
 Defined at:
		line 74 in file "lcd.c"
 Parameters:    Size  Location     Type
  valor           1    wreg     unsigned char 
 Auto vars:     Size  Location     Type
  valor           1    6[COMRAM] unsigned char 
  old_D           1    7[COMRAM] unsigned char 
 Return value:  Size  Location     Type
                  1    wreg      void 
 Registers used:
		wreg, status,2, status,0, cstack
 Tracked objects:
		On entry : 
		On exit  : 
		Unchanged: 
 Data sizes:     COMRAM   BANK0   BANK1   BANK2   BANK3   BANK4   BANK5
      Params:         0       0       0       0       0       0       0
      Locals:         2       0       0       0       0       0       0
      Temps:          0       0       0       0       0       0       0
      Totals:         2       0       0       0       0       0       0
Total ram usage:        2 bytes
 Hardware stack levels used:    1
 Hardware stack levels required when called:    1
 This function calls:
		_Delay40us
		_digitalWrite
 This function is called by:
		_main
		_k_weissbier
		_Teclado
		_amber_lager
		_Tecl
 This function uses a non-reentrant model


 *************** function _lcdCommand *****************
 Defined at:
		line 48 in file "lcd.c"
 Parameters:    Size  Location     Type
  cmd             1    wreg     unsigned char 
 Auto vars:     Size  Location     Type
  cmd             1    7[COMRAM] unsigned char 
  old_D           1    6[COMRAM] unsigned char 
 Return value:  Size  Location     Type
                  1    wreg      void 
 Registers used:
		wreg, status,2, status,0, cstack
 Tracked objects:
		On entry : 
		On exit  : 
		Unchanged: 
 Data sizes:     COMRAM   BANK0   BANK1   BANK2   BANK3   BANK4   BANK5
      Params:         0       0       0       0       0       0       0
      Locals:         2       0       0       0       0       0       0
      Temps:          0       0       0       0       0       0       0
      Totals:         2       0       0       0       0       0       0
Total ram usage:        2 bytes
 Hardware stack levels used:    1
 Hardware stack levels required when called:    2
 This function calls:
		_Delay2ms
		_Delay40us
		_digitalWrite
 This function is called by:
		_main
		_lcdInit
		_k_weissbier
		_Teclado
		_amber_lager
		_Tecl
 This function uses a non-reentrant model


 *************** function _digitalWrite *****************
 Defined at:
		line 14 in file "io.c"
 Parameters:    Size  Location     Type
  pin             2    0[COMRAM] int 
  value           2    2[COMRAM] int 
 Auto vars:     Size  Location     Type
		None
 Return value:  Size  Location     Type
                  1    wreg      void 
 Registers used:
		wreg, status,2, status,0
 Tracked objects:
		On entry : 
		On exit  : 
		Unchanged: 
 Data sizes:     COMRAM   BANK0   BANK1   BANK2   BANK3   BANK4   BANK5
      Params:         4       0       0       0       0       0       0
      Locals:         0       0       0       0       0       0       0
      Temps:          2       0       0       0       0       0       0
      Totals:         6       0       0       0       0       0       0
Total ram usage:        6 bytes
 Hardware stack levels used:    1
 This function calls:
		Nothing
 This function is called by:
		_lcdCommand
		_lcdData
		_ssdUpdate
 This function uses a non-reentrant model


 *************** function _Delay2ms *****************
 Defined at:
		line 37 in file "lcd.c"
 Parameters:    Size  Location     Type
		None
 Auto vars:     Size  Location     Type
  i               1    1[COMRAM] unsigned char 
 Return value:  Size  Location     Type
                  1    wreg      void 
 Registers used:
		wreg, status,2, status,0, cstack
 Tracked objects:
		On entry : 
		On exit  : 
		Unchanged: 
 Data sizes:     COMRAM   BANK0   BANK1   BANK2   BANK3   BANK4   BANK5
      Params:         0       0       0       0       0       0       0
      Locals:         1       0       0       0       0       0       0
      Temps:          0       0       0       0       0       0       0
      Totals:         1       0       0       0       0       0       0
Total ram usage:        1 bytes
 Hardware stack levels used:    1
 Hardware stack levels required when called:    1
 This function calls:
		_Delay40us
 This function is called by:
		_lcdCommand
		_lcdInit
 This function uses a non-reentrant model


 *************** function _Delay40us *****************
 Defined at:
		line 31 in file "lcd.c"
 Parameters:    Size  Location     Type
		None
 Auto vars:     Size  Location     Type
  i               1    0[COMRAM] unsigned char 
 Return value:  Size  Location     Type
                  1    wreg      void 
 Registers used:
		wreg, status,2, status,0
 Tracked objects:
		On entry : 
		On exit  : 
		Unchanged: 
 Data sizes:     COMRAM   BANK0   BANK1   BANK2   BANK3   BANK4   BANK5
      Params:         0       0       0       0       0       0       0
      Locals:         1       0       0       0       0       0       0
      Temps:          0       0       0       0       0       0       0
      Totals:         1       0       0       0       0       0       0
Total ram usage:        1 bytes
 Hardware stack levels used:    1
 This function calls:
		Nothing
 This function is called by:
		_Delay2ms
		_lcdCommand
		_lcdData
 This function uses a non-reentrant model


 *************** function _kpRead *****************
 Defined at:
		line 36 in file "keypad.c"
 Parameters:    Size  Location     Type
		None
 Auto vars:     Size  Location     Type
		None
 Return value:  Size  Location     Type
                  2    0[COMRAM] unsigned int 
 Registers used:
		None
 Tracked objects:
		On entry : 
		On exit  : 
		Unchanged: 
 Data sizes:     COMRAM   BANK0   BANK1   BANK2   BANK3   BANK4   BANK5
      Params:         2       0       0       0       0       0       0
      Locals:         0       0       0       0       0       0       0
      Temps:          0       0       0       0       0       0       0
      Totals:         2       0       0       0       0       0       0
Total ram usage:        2 bytes
 Hardware stack levels used:    1
 This function calls:
		Nothing
 This function is called by:
		_escolha
		_Teclado
		_Tecl
 This function uses a non-reentrant model


 *************** function _atraso_ms *****************
 Defined at:
		line 26 in file "atraso.c"
 Parameters:    Size  Location     Type
  valor           2    0[COMRAM] unsigned int 
 Auto vars:     Size  Location     Type
  i               2    2[COMRAM] unsigned int 
  k               1    5[COMRAM] volatile unsigned char 
  j               1    4[COMRAM] volatile unsigned char 
 Return value:  Size  Location     Type
                  1    wreg      void 
 Registers used:
		wreg, status,2, status,0
 Tracked objects:
		On entry : 
		On exit  : 
		Unchanged: 
 Data sizes:     COMRAM   BANK0   BANK1   BANK2   BANK3   BANK4   BANK5
      Params:         2       0       0       0       0       0       0
      Locals:         4       0       0       0       0       0       0
      Temps:          0       0       0       0       0       0       0
      Totals:         6       0       0       0       0       0       0
Total ram usage:        6 bytes
 Hardware stack levels used:    1
 This function calls:
		Nothing
 This function is called by:
		_main
		_k_weissbier
		_Teclado
		_amber_lager
		_Tecl
 This function uses a non-reentrant model



MODULE INFORMATION

Module		Function		Class		Link	Load	Size
ssd.c
		_ssdInit       		CODE           	3A1A	0000	86
		_ssdDigit      		CODE           	39C2	0000	88
		_ssdUpdate     		CODE           	3436	0000	336

ssd.c estimated size: 510

K_WEISSBIER.c
		_Teclado       		CODE           	2F06	0000	556
		_k_weissbier   		CODE           	0614	0000	4248

K_WEISSBIER.c estimated size: 4804

C:\Program Files\Microchip\xc8\v2.30\pic\sources\c99\common\lwmod.c
		___lwmod       		CODE           	38FA	0000	100

C:\Program Files\Microchip\xc8\v2.30\pic\sources\c99\common\lwmod.c estimated size: 100

keypad.c
		_kpInit        		CODE           	3B68	0000	10
		_kpDebounce    		CODE           	32BC	0000	378
		_kpRead        		CODE           	3B72	0000	10

keypad.c estimated size: 398

C:\Program Files\Microchip\xc8\v2.30\pic\sources\c99\common\Umul16.c
		___wmul        		CODE           	3AFA	0000	38

C:\Program Files\Microchip\xc8\v2.30\pic\sources\c99\common\Umul16.c estimated size: 38

AMBER_LAGER.c
		_Tecl          		CODE           	3132	0000	394
		_amber_lager   		CODE           	16AC	0000	4144

AMBER_LAGER.c estimated size: 4538

io.c
		_digitalWrite  		CODE           	2CB8	0000	590
		_pinMode       		CODE           	2A6A	0000	590

io.c estimated size: 1180

pwm.c
		_pwmSet2       		CODE           	3822	0000	108
		_pwmInit       		CODE           	3B54	0000	20
		_pwmSet1       		CODE           	388E	0000	108

pwm.c estimated size: 236

C:\Program Files\Microchip\xc8\v2.30\pic\sources\c99\common\lwdiv.c
		___lwdiv       		CODE           	37AE	0000	116

C:\Program Files\Microchip\xc8\v2.30\pic\sources\c99\common\lwdiv.c estimated size: 116

atraso.c
		_atraso_ms     		CODE           	395E	0000	100

atraso.c estimated size: 100

shared
		_valor@ssd$F432		SMALLCONST     	0601	0000	18
		__initialization		CODE           	3AC4	0000	44

shared estimated size: 62

lcd.c
		_lcdCommand    		CODE           	36B8	0000	126
		_Delay40us     		CODE           	3B3C	0000	24
		_lcdInit       		CODE           	3736	0000	120
		_lcdData       		CODE           	3A70	0000	84
		_Delay2ms      		CODE           	3B20	0000	28

lcd.c estimated size: 382

main.c
		_main          		CODE           	26DC	0000	910
		_escolha       		CODE           	3586	0000	306

main.c estimated size: 1216

